[INFO] Scanning for projects...
[INFO] 
[INFO] --------------------< com.foodproject:fooddelivery >--------------------
[INFO] Building fooddelivery 0.0.1-SNAPSHOT
[INFO]   from pom.xml
[INFO] --------------------------------[ jar ]---------------------------------
[WARNING] The artifact mysql:mysql-connector-java:jar:8.0.33 has been relocated to com.mysql:mysql-connector-j:jar:8.0.33: MySQL Connector/J artifacts moved to reverse-DNS compliant Maven 2+ coordinates.
[INFO] 
[INFO] --- clean:3.3.2:clean (default-clean) @ fooddelivery ---
[INFO] Deleting C:\Users\Admin\Desktop\quyen\Food-Delivery-Project\target
[INFO] 
[INFO] --- resources:3.3.1:resources (default-resources) @ fooddelivery ---
[INFO] Copying 1 resource from src\main\resources to target\classes
[INFO] Copying 521 resources from src\main\resources to target\classes
[INFO] 
[INFO] --- compiler:3.13.0:compile (default-compile) @ fooddelivery ---
[INFO] Recompiling the module because of changed source code.
[INFO] Compiling 72 source files with javac [debug parameters release 21] to target\classes
[INFO] Annotation processing is enabled because one or more processors were found
  on the class path. A future release of javac may disable annotation processing
  unless at least one processor is specified by name (-processor), or a search
  path is specified (--processor-path, --processor-module-path), or annotation
  processing is enabled explicitly (-proc:only, -proc:full).
  Use -Xlint:-options to suppress this message.
  Use -proc:none to disable annotation processing.
[INFO] -------------------------------------------------------------
[ERROR] COMPILATION ERROR : 
[INFO] -------------------------------------------------------------
[ERROR] /C:/Users/Admin/Desktop/quyen/Food-Delivery-Project/src/main/java/com/foodproject/fooddelivery/TestBcrypt.java:[1,1] unmappable character (0xFF) for encoding UTF-8
[ERROR] /C:/Users/Admin/Desktop/quyen/Food-Delivery-Project/src/main/java/com/foodproject/fooddelivery/TestBcrypt.java:[1,2] unmappable character (0xFE) for encoding UTF-8
[ERROR] /C:/Users/Admin/Desktop/quyen/Food-Delivery-Project/src/main/java/com/foodproject/fooddelivery/TestBcrypt.java:[1,1] illegal character: '\ufffd'
[ERROR] /C:/Users/Admin/Desktop/quyen/Food-Delivery-Project/src/main/java/com/foodproject/fooddelivery/TestBcrypt.java:[1,2] illegal character: '\ufffd'
[ERROR] /C:/Users/Admin/Desktop/quyen/Food-Delivery-Project/src/main/java/com/foodproject/fooddelivery/TestBcrypt.java:[1,16] illegal character: '\u0000'
[ERROR] /C:/Users/Admin/Desktop/quyen/Food-Delivery-Project/src/main/java/com/foodproject/fooddelivery/TestBcrypt.java:[1,28] illegal character: '\u0000'
[ERROR] /C:/Users/Admin/Desktop/quyen/Food-Delivery-Project/src/main/java/com/foodproject/fooddelivery/TestBcrypt.java:[1,50] illegal character: '\u0000'
[ERROR] /C:/Users/Admin/Desktop/quyen/Food-Delivery-Project/src/main/java/com/foodproject/fooddelivery/TestBcrypt.java:[1,52] illegal character: '\u0000'
[ERROR] /C:/Users/Admin/Desktop/quyen/Food-Delivery-Project/src/main/java/com/foodproject/fooddelivery/TestBcrypt.java:[1,54] illegal character: '\u0000'
[ERROR] /C:/Users/Admin/Desktop/quyen/Food-Delivery-Project/src/main/java/com/foodproject/fooddelivery/TestBcrypt.java:[1,55] repeated modifier
[ERROR] /C:/Users/Admin/Desktop/quyen/Food-Delivery-Project/src/main/java/com/foodproject/fooddelivery/TestBcrypt.java:[1,68] illegal character: '\u0000'
[ERROR] /C:/Users/Admin/Desktop/quyen/Food-Delivery-Project/src/main/java/com/foodproject/fooddelivery/TestBcrypt.java:[1,82] illegal character: '\u0000'
[ERROR] /C:/Users/Admin/Desktop/quyen/Food-Delivery-Project/src/main/java/com/foodproject/fooddelivery/TestBcrypt.java:[1,92] illegal character: '\u0000'
[ERROR] /C:/Users/Admin/Desktop/quyen/Food-Delivery-Project/src/main/java/com/foodproject/fooddelivery/TestBcrypt.java:[1,101] class, interface, enum, or record expected
[ERROR] /C:/Users/Admin/Desktop/quyen/Food-Delivery-Project/src/main/java/com/foodproject/fooddelivery/TestBcrypt.java:[1,102] illegal character: '\u0000'
[ERROR] /C:/Users/Admin/Desktop/quyen/Food-Delivery-Project/src/main/java/com/foodproject/fooddelivery/TestBcrypt.java:[1,116] illegal character: '\u0000'
[ERROR] /C:/Users/Admin/Desktop/quyen/Food-Delivery-Project/src/main/java/com/foodproject/fooddelivery/TestBcrypt.java:[1,118] illegal character: '\u0000'
[ERROR] /C:/Users/Admin/Desktop/quyen/Food-Delivery-Project/src/main/java/com/foodproject/fooddelivery/TestBcrypt.java:[1,120] illegal character: '\u0000'
[ERROR] /C:/Users/Admin/Desktop/quyen/Food-Delivery-Project/src/main/java/com/foodproject/fooddelivery/TestBcrypt.java:[1,130] illegal character: '\u0000'
[ERROR] /C:/Users/Admin/Desktop/quyen/Food-Delivery-Project/src/main/java/com/foodproject/fooddelivery/TestBcrypt.java:[1,132] illegal character: '\u0000'
[ERROR] /C:/Users/Admin/Desktop/quyen/Food-Delivery-Project/src/main/java/com/foodproject/fooddelivery/TestBcrypt.java:[1,134] illegal character: '\u0000'
[ERROR] /C:/Users/Admin/Desktop/quyen/Food-Delivery-Project/src/main/java/com/foodproject/fooddelivery/TestBcrypt.java:[1,136] illegal character: '\u0000'
[ERROR] /C:/Users/Admin/Desktop/quyen/Food-Delivery-Project/src/main/java/com/foodproject/fooddelivery/TestBcrypt.java:[1,144] illegal character: '\u0000'
[ERROR] /C:/Users/Admin/Desktop/quyen/Food-Delivery-Project/src/main/java/com/foodproject/fooddelivery/TestBcrypt.java:[1,176] illegal character: '\u0000'
[ERROR] /C:/Users/Admin/Desktop/quyen/Food-Delivery-Project/src/main/java/com/foodproject/fooddelivery/TestBcrypt.java:[1,194] illegal character: '\u0000'
[ERROR] /C:/Users/Admin/Desktop/quyen/Food-Delivery-Project/src/main/java/com/foodproject/fooddelivery/TestBcrypt.java:[1,208] illegal character: '\u0000'
[ERROR] /C:/Users/Admin/Desktop/quyen/Food-Delivery-Project/src/main/java/com/foodproject/fooddelivery/TestBcrypt.java:[1,222] illegal character: '\u0000'
[ERROR] /C:/Users/Admin/Desktop/quyen/Food-Delivery-Project/src/main/java/com/foodproject/fooddelivery/TestBcrypt.java:[1,266] illegal character: '\u0000'
[ERROR] /C:/Users/Admin/Desktop/quyen/Food-Delivery-Project/src/main/java/com/foodproject/fooddelivery/TestBcrypt.java:[1,282] illegal character: '\u0000'
[ERROR] /C:/Users/Admin/Desktop/quyen/Food-Delivery-Project/src/main/java/com/foodproject/fooddelivery/TestBcrypt.java:[1,284] illegal character: '\u0000'
[ERROR] /C:/Users/Admin/Desktop/quyen/Food-Delivery-Project/src/main/java/com/foodproject/fooddelivery/TestBcrypt.java:[1,286] illegal character: '\u0000'
[ERROR] /C:/Users/Admin/Desktop/quyen/Food-Delivery-Project/src/main/java/com/foodproject/fooddelivery/TestBcrypt.java:[1,294] illegal character: '\u0000'
[ERROR] /C:/Users/Admin/Desktop/quyen/Food-Delivery-Project/src/main/java/com/foodproject/fooddelivery/TestBcrypt.java:[1,302] illegal character: '\u0000'
[ERROR] /C:/Users/Admin/Desktop/quyen/Food-Delivery-Project/src/main/java/com/foodproject/fooddelivery/TestBcrypt.java:[1,334] illegal character: '\u0000'
[ERROR] /C:/Users/Admin/Desktop/quyen/Food-Delivery-Project/src/main/java/com/foodproject/fooddelivery/TestBcrypt.java:[1,352] illegal character: '\u0000'
[ERROR] /C:/Users/Admin/Desktop/quyen/Food-Delivery-Project/src/main/java/com/foodproject/fooddelivery/TestBcrypt.java:[1,366] illegal character: '\u0000'
[ERROR] /C:/Users/Admin/Desktop/quyen/Food-Delivery-Project/src/main/java/com/foodproject/fooddelivery/TestBcrypt.java:[1,380] illegal character: '\u0000'
[ERROR] /C:/Users/Admin/Desktop/quyen/Food-Delivery-Project/src/main/java/com/foodproject/fooddelivery/TestBcrypt.java:[1,424] illegal character: '\u0000'
[ERROR] /C:/Users/Admin/Desktop/quyen/Food-Delivery-Project/src/main/java/com/foodproject/fooddelivery/TestBcrypt.java:[1,426] illegal character: '\u0000'
[ERROR] /C:/Users/Admin/Desktop/quyen/Food-Delivery-Project/src/main/java/com/foodproject/fooddelivery/TestBcrypt.java:[1,428] illegal character: '\u0000'
[ERROR] /C:/Users/Admin/Desktop/quyen/Food-Delivery-Project/src/main/java/com/foodproject/fooddelivery/TestBcrypt.java:[1,430] illegal character: '\u0000'
[ERROR] /C:/Users/Admin/Desktop/quyen/Food-Delivery-Project/src/main/java/com/foodproject/fooddelivery/TestBcrypt.java:[1,444] illegal character: '\u0000'
[ERROR] /C:/Users/Admin/Desktop/quyen/Food-Delivery-Project/src/main/java/com/foodproject/fooddelivery/TestBcrypt.java:[1,452] illegal character: '\u0000'
[ERROR] /C:/Users/Admin/Desktop/quyen/Food-Delivery-Project/src/main/java/com/foodproject/fooddelivery/TestBcrypt.java:[1,468] illegal character: '\u0000'
[ERROR] /C:/Users/Admin/Desktop/quyen/Food-Delivery-Project/src/main/java/com/foodproject/fooddelivery/TestBcrypt.java:[1,484] illegal character: '\u0000'
[ERROR] /C:/Users/Admin/Desktop/quyen/Food-Delivery-Project/src/main/java/com/foodproject/fooddelivery/TestBcrypt.java:[1,500] illegal character: '\u0000'
[ERROR] /C:/Users/Admin/Desktop/quyen/Food-Delivery-Project/src/main/java/com/foodproject/fooddelivery/TestBcrypt.java:[1,501] illegal character: '\'
[ERROR] /C:/Users/Admin/Desktop/quyen/Food-Delivery-Project/src/main/java/com/foodproject/fooddelivery/TestBcrypt.java:[1,502] illegal character: '\u0000'
[ERROR] /C:/Users/Admin/Desktop/quyen/Food-Delivery-Project/src/main/java/com/foodproject/fooddelivery/TestBcrypt.java:[2,1] illegal character: '\u0000'
[ERROR] /C:/Users/Admin/Desktop/quyen/Food-Delivery-Project/src/main/java/com/foodproject/fooddelivery/TestBcrypt.java:[3,1] illegal character: '\u0000'
[ERROR] /C:/Users/Admin/Desktop/quyen/Food-Delivery-Project/src/main/java/com/foodproject/fooddelivery/TestBcrypt.java:[3,18] illegal character: '\'
[ERROR] /C:/Users/Admin/Desktop/quyen/Food-Delivery-Project/src/main/java/com/foodproject/fooddelivery/TestBcrypt.java:[3,19] illegal character: '\u0000'
[ERROR] /C:/Users/Admin/Desktop/quyen/Food-Delivery-Project/src/main/java/com/foodproject/fooddelivery/TestBcrypt.java:[3,21] illegal character: '\u0000'
[ERROR] /C:/Users/Admin/Desktop/quyen/Food-Delivery-Project/src/main/java/com/foodproject/fooddelivery/TestBcrypt.java:[3,23] illegal character: '\u0000'
[ERROR] /C:/Users/Admin/Desktop/quyen/Food-Delivery-Project/src/main/java/com/foodproject/fooddelivery/TestBcrypt.java:[3,24] illegal character: '\'
[ERROR] /C:/Users/Admin/Desktop/quyen/Food-Delivery-Project/src/main/java/com/foodproject/fooddelivery/TestBcrypt.java:[3,25] illegal character: '\u0000'
[ERROR] /C:/Users/Admin/Desktop/quyen/Food-Delivery-Project/src/main/java/com/foodproject/fooddelivery/TestBcrypt.java:[3,26] illegal character: '\'
[ERROR] /C:/Users/Admin/Desktop/quyen/Food-Delivery-Project/src/main/java/com/foodproject/fooddelivery/TestBcrypt.java:[3,27] illegal character: '\u0000'
[ERROR] /C:/Users/Admin/Desktop/quyen/Food-Delivery-Project/src/main/java/com/foodproject/fooddelivery/TestBcrypt.java:[3,28] illegal character: '\'
[ERROR] /C:/Users/Admin/Desktop/quyen/Food-Delivery-Project/src/main/java/com/foodproject/fooddelivery/TestBcrypt.java:[3,29] illegal character: '\u0000'
[ERROR] /C:/Users/Admin/Desktop/quyen/Food-Delivery-Project/src/main/java/com/foodproject/fooddelivery/TestBcrypt.java:[3,30] illegal character: '\'
[ERROR] /C:/Users/Admin/Desktop/quyen/Food-Delivery-Project/src/main/java/com/foodproject/fooddelivery/TestBcrypt.java:[3,31] illegal character: '\u0000'
[ERROR] /C:/Users/Admin/Desktop/quyen/Food-Delivery-Project/src/main/java/com/foodproject/fooddelivery/TestBcrypt.java:[3,33] illegal character: '\u0000'
[ERROR] /C:/Users/Admin/Desktop/quyen/Food-Delivery-Project/src/main/java/com/foodproject/fooddelivery/TestBcrypt.java:[3,47] illegal character: '\u0000'
[ERROR] /C:/Users/Admin/Desktop/quyen/Food-Delivery-Project/src/main/java/com/foodproject/fooddelivery/TestBcrypt.java:[3,69] illegal character: '\u0000'
[ERROR] /C:/Users/Admin/Desktop/quyen/Food-Delivery-Project/src/main/java/com/foodproject/fooddelivery/TestBcrypt.java:[3,71] illegal character: '\u0000'
[ERROR] /C:/Users/Admin/Desktop/quyen/Food-Delivery-Project/src/main/java/com/foodproject/fooddelivery/TestBcrypt.java:[3,112] illegal character: '\'
[ERROR] /C:/Users/Admin/Desktop/quyen/Food-Delivery-Project/src/main/java/com/foodproject/fooddelivery/TestBcrypt.java:[3,113] illegal character: '\u0000'
[ERROR] /C:/Users/Admin/Desktop/quyen/Food-Delivery-Project/src/main/java/com/foodproject/fooddelivery/TestBcrypt.java:[3,115] illegal character: '\u0000'
[ERROR] /C:/Users/Admin/Desktop/quyen/Food-Delivery-Project/src/main/java/com/foodproject/fooddelivery/TestBcrypt.java:[3,117] illegal character: '\u0000'
[ERROR] /C:/Users/Admin/Desktop/quyen/Food-Delivery-Project/src/main/java/com/foodproject/fooddelivery/TestBcrypt.java:[3,119] illegal character: '\u0000'
[ERROR] /C:/Users/Admin/Desktop/quyen/Food-Delivery-Project/src/main/java/com/foodproject/fooddelivery/TestBcrypt.java:[3,121] illegal character: '\u0000'
[ERROR] /C:/Users/Admin/Desktop/quyen/Food-Delivery-Project/src/main/java/com/foodproject/fooddelivery/TestBcrypt.java:[3,122] class, interface, enum, or record expected
[ERROR] /C:/Users/Admin/Desktop/quyen/Food-Delivery-Project/src/main/java/com/foodproject/fooddelivery/TestBcrypt.java:[3,123] illegal character: '\u0000'
[ERROR] /C:/Users/Admin/Desktop/quyen/Food-Delivery-Project/src/main/java/com/foodproject/fooddelivery/TestBcrypt.java:[3,125] illegal character: '\u0000'
[ERROR] /C:/Users/Admin/Desktop/quyen/Food-Delivery-Project/src/main/java/com/foodproject/fooddelivery/TestBcrypt.java:[3,127] illegal character: '\u0000'
[ERROR] /C:/Users/Admin/Desktop/quyen/Food-Delivery-Project/src/main/java/com/foodproject/fooddelivery/TestBcrypt.java:[4,1] illegal character: '\u0000'
[ERROR] /C:/Users/Admin/Desktop/quyen/Food-Delivery-Project/src/main/java/com/foodproject/fooddelivery/TestBcrypt.java:[5,1] illegal character: '\u0000'
[INFO] 78 errors 
[INFO] -------------------------------------------------------------
[INFO] ------------------------------------------------------------------------
[INFO] BUILD FAILURE
[INFO] ------------------------------------------------------------------------
[INFO] Total time:  3.531 s
[INFO] Finished at: 2026-03-24T00:09:35+07:00
[INFO] ------------------------------------------------------------------------
[ERROR] Failed to execute goal org.apache.maven.plugins:maven-compiler-plugin:3.13.0:compile (default-compile) on project fooddelivery: Compilation failure: Compilation failure: 
[ERROR] /C:/Users/Admin/Desktop/quyen/Food-Delivery-Project/src/main/java/com/foodproject/fooddelivery/TestBcrypt.java:[1,1] unmappable character (0xFF) for encoding UTF-8
[ERROR] /C:/Users/Admin/Desktop/quyen/Food-Delivery-Project/src/main/java/com/foodproject/fooddelivery/TestBcrypt.java:[1,2] unmappable character (0xFE) for encoding UTF-8
[ERROR] /C:/Users/Admin/Desktop/quyen/Food-Delivery-Project/src/main/java/com/foodproject/fooddelivery/TestBcrypt.java:[1,1] illegal character: '\ufffd'
[ERROR] /C:/Users/Admin/Desktop/quyen/Food-Delivery-Project/src/main/java/com/foodproject/fooddelivery/TestBcrypt.java:[1,2] illegal character: '\ufffd'
[ERROR] /C:/Users/Admin/Desktop/quyen/Food-Delivery-Project/src/main/java/com/foodproject/fooddelivery/TestBcrypt.java:[1,16] illegal character: '\u0000'
[ERROR] /C:/Users/Admin/Desktop/quyen/Food-Delivery-Project/src/main/java/com/foodproject/fooddelivery/TestBcrypt.java:[1,28] illegal character: '\u0000'
[ERROR] /C:/Users/Admin/Desktop/quyen/Food-Delivery-Project/src/main/java/com/foodproject/fooddelivery/TestBcrypt.java:[1,50] illegal character: '\u0000'
[ERROR] /C:/Users/Admin/Desktop/quyen/Food-Delivery-Project/src/main/java/com/foodproject/fooddelivery/TestBcrypt.java:[1,52] illegal character: '\u0000'
[ERROR] /C:/Users/Admin/Desktop/quyen/Food-Delivery-Project/src/main/java/com/foodproject/fooddelivery/TestBcrypt.java:[1,54] illegal character: '\u0000'
[ERROR] /C:/Users/Admin/Desktop/quyen/Food-Delivery-Project/src/main/java/com/foodproject/fooddelivery/TestBcrypt.java:[1,55] repeated modifier
[ERROR] /C:/Users/Admin/Desktop/quyen/Food-Delivery-Project/src/main/java/com/foodproject/fooddelivery/TestBcrypt.java:[1,68] illegal character: '\u0000'
[ERROR] /C:/Users/Admin/Desktop/quyen/Food-Delivery-Project/src/main/java/com/foodproject/fooddelivery/TestBcrypt.java:[1,82] illegal character: '\u0000'
[ERROR] /C:/Users/Admin/Desktop/quyen/Food-Delivery-Project/src/main/java/com/foodproject/fooddelivery/TestBcrypt.java:[1,92] illegal character: '\u0000'
[ERROR] /C:/Users/Admin/Desktop/quyen/Food-Delivery-Project/src/main/java/com/foodproject/fooddelivery/TestBcrypt.java:[1,101] class, interface, enum, or record expected
[ERROR] /C:/Users/Admin/Desktop/quyen/Food-Delivery-Project/src/main/java/com/foodproject/fooddelivery/TestBcrypt.java:[1,102] illegal character: '\u0000'
[ERROR] /C:/Users/Admin/Desktop/quyen/Food-Delivery-Project/src/main/java/com/foodproject/fooddelivery/TestBcrypt.java:[1,116] illegal character: '\u0000'
[ERROR] /C:/Users/Admin/Desktop/quyen/Food-Delivery-Project/src/main/java/com/foodproject/fooddelivery/TestBcrypt.java:[1,118] illegal character: '\u0000'
[ERROR] /C:/Users/Admin/Desktop/quyen/Food-Delivery-Project/src/main/java/com/foodproject/fooddelivery/TestBcrypt.java:[1,120] illegal character: '\u0000'
[ERROR] /C:/Users/Admin/Desktop/quyen/Food-Delivery-Project/src/main/java/com/foodproject/fooddelivery/TestBcrypt.java:[1,130] illegal character: '\u0000'
[ERROR] /C:/Users/Admin/Desktop/quyen/Food-Delivery-Project/src/main/java/com/foodproject/fooddelivery/TestBcrypt.java:[1,132] illegal character: '\u0000'
[ERROR] /C:/Users/Admin/Desktop/quyen/Food-Delivery-Project/src/main/java/com/foodproject/fooddelivery/TestBcrypt.java:[1,134] illegal character: '\u0000'
[ERROR] /C:/Users/Admin/Desktop/quyen/Food-Delivery-Project/src/main/java/com/foodproject/fooddelivery/TestBcrypt.java:[1,136] illegal character: '\u0000'
[ERROR] /C:/Users/Admin/Desktop/quyen/Food-Delivery-Project/src/main/java/com/foodproject/fooddelivery/TestBcrypt.java:[1,144] illegal character: '\u0000'
[ERROR] /C:/Users/Admin/Desktop/quyen/Food-Delivery-Project/src/main/java/com/foodproject/fooddelivery/TestBcrypt.java:[1,176] illegal character: '\u0000'
[ERROR] /C:/Users/Admin/Desktop/quyen/Food-Delivery-Project/src/main/java/com/foodproject/fooddelivery/TestBcrypt.java:[1,194] illegal character: '\u0000'
[ERROR] /C:/Users/Admin/Desktop/quyen/Food-Delivery-Project/src/main/java/com/foodproject/fooddelivery/TestBcrypt.java:[1,208] illegal character: '\u0000'
[ERROR] /C:/Users/Admin/Desktop/quyen/Food-Delivery-Project/src/main/java/com/foodproject/fooddelivery/TestBcrypt.java:[1,222] illegal character: '\u0000'
[ERROR] /C:/Users/Admin/Desktop/quyen/Food-Delivery-Project/src/main/java/com/foodproject/fooddelivery/TestBcrypt.java:[1,266] illegal character: '\u0000'
[ERROR] /C:/Users/Admin/Desktop/quyen/Food-Delivery-Project/src/main/java/com/foodproject/fooddelivery/TestBcrypt.java:[1,282] illegal character: '\u0000'
[ERROR] /C:/Users/Admin/Desktop/quyen/Food-Delivery-Project/src/main/java/com/foodproject/fooddelivery/TestBcrypt.java:[1,284] illegal character: '\u0000'
[ERROR] /C:/Users/Admin/Desktop/quyen/Food-Delivery-Project/src/main/java/com/foodproject/fooddelivery/TestBcrypt.java:[1,286] illegal character: '\u0000'
[ERROR] /C:/Users/Admin/Desktop/quyen/Food-Delivery-Project/src/main/java/com/foodproject/fooddelivery/TestBcrypt.java:[1,294] illegal character: '\u0000'
[ERROR] /C:/Users/Admin/Desktop/quyen/Food-Delivery-Project/src/main/java/com/foodproject/fooddelivery/TestBcrypt.java:[1,302] illegal character: '\u0000'
[ERROR] /C:/Users/Admin/Desktop/quyen/Food-Delivery-Project/src/main/java/com/foodproject/fooddelivery/TestBcrypt.java:[1,334] illegal character: '\u0000'
[ERROR] /C:/Users/Admin/Desktop/quyen/Food-Delivery-Project/src/main/java/com/foodproject/fooddelivery/TestBcrypt.java:[1,352] illegal character: '\u0000'
[ERROR] /C:/Users/Admin/Desktop/quyen/Food-Delivery-Project/src/main/java/com/foodproject/fooddelivery/TestBcrypt.java:[1,366] illegal character: '\u0000'
[ERROR] /C:/Users/Admin/Desktop/quyen/Food-Delivery-Project/src/main/java/com/foodproject/fooddelivery/TestBcrypt.java:[1,380] illegal character: '\u0000'
[ERROR] /C:/Users/Admin/Desktop/quyen/Food-Delivery-Project/src/main/java/com/foodproject/fooddelivery/TestBcrypt.java:[1,424] illegal character: '\u0000'
[ERROR] /C:/Users/Admin/Desktop/quyen/Food-Delivery-Project/src/main/java/com/foodproject/fooddelivery/TestBcrypt.java:[1,426] illegal character: '\u0000'
[ERROR] /C:/Users/Admin/Desktop/quyen/Food-Delivery-Project/src/main/java/com/foodproject/fooddelivery/TestBcrypt.java:[1,428] illegal character: '\u0000'
[ERROR] /C:/Users/Admin/Desktop/quyen/Food-Delivery-Project/src/main/java/com/foodproject/fooddelivery/TestBcrypt.java:[1,430] illegal character: '\u0000'
[ERROR] /C:/Users/Admin/Desktop/quyen/Food-Delivery-Project/src/main/java/com/foodproject/fooddelivery/TestBcrypt.java:[1,444] illegal character: '\u0000'
[ERROR] /C:/Users/Admin/Desktop/quyen/Food-Delivery-Project/src/main/java/com/foodproject/fooddelivery/TestBcrypt.java:[1,452] illegal character: '\u0000'
[ERROR] /C:/Users/Admin/Desktop/quyen/Food-Delivery-Project/src/main/java/com/foodproject/fooddelivery/TestBcrypt.java:[1,468] illegal character: '\u0000'
[ERROR] /C:/Users/Admin/Desktop/quyen/Food-Delivery-Project/src/main/java/com/foodproject/fooddelivery/TestBcrypt.java:[1,484] illegal character: '\u0000'
[ERROR] /C:/Users/Admin/Desktop/quyen/Food-Delivery-Project/src/main/java/com/foodproject/fooddelivery/TestBcrypt.java:[1,500] illegal character: '\u0000'
[ERROR] /C:/Users/Admin/Desktop/quyen/Food-Delivery-Project/src/main/java/com/foodproject/fooddelivery/TestBcrypt.java:[1,501] illegal character: '\'
[ERROR] /C:/Users/Admin/Desktop/quyen/Food-Delivery-Project/src/main/java/com/foodproject/fooddelivery/TestBcrypt.java:[1,502] illegal character: '\u0000'
[ERROR] /C:/Users/Admin/Desktop/quyen/Food-Delivery-Project/src/main/java/com/foodproject/fooddelivery/TestBcrypt.java:[2,1] illegal character: '\u0000'
[ERROR] /C:/Users/Admin/Desktop/quyen/Food-Delivery-Project/src/main/java/com/foodproject/fooddelivery/TestBcrypt.java:[3,1] illegal character: '\u0000'
[ERROR] /C:/Users/Admin/Desktop/quyen/Food-Delivery-Project/src/main/java/com/foodproject/fooddelivery/TestBcrypt.java:[3,18] illegal character: '\'
[ERROR] /C:/Users/Admin/Desktop/quyen/Food-Delivery-Project/src/main/java/com/foodproject/fooddelivery/TestBcrypt.java:[3,19] illegal character: '\u0000'
[ERROR] /C:/Users/Admin/Desktop/quyen/Food-Delivery-Project/src/main/java/com/foodproject/fooddelivery/TestBcrypt.java:[3,21] illegal character: '\u0000'
[ERROR] /C:/Users/Admin/Desktop/quyen/Food-Delivery-Project/src/main/java/com/foodproject/fooddelivery/TestBcrypt.java:[3,23] illegal character: '\u0000'
[ERROR] /C:/Users/Admin/Desktop/quyen/Food-Delivery-Project/src/main/java/com/foodproject/fooddelivery/TestBcrypt.java:[3,24] illegal character: '\'
[ERROR] /C:/Users/Admin/Desktop/quyen/Food-Delivery-Project/src/main/java/com/foodproject/fooddelivery/TestBcrypt.java:[3,25] illegal character: '\u0000'
[ERROR] /C:/Users/Admin/Desktop/quyen/Food-Delivery-Project/src/main/java/com/foodproject/fooddelivery/TestBcrypt.java:[3,26] illegal character: '\'
[ERROR] /C:/Users/Admin/Desktop/quyen/Food-Delivery-Project/src/main/java/com/foodproject/fooddelivery/TestBcrypt.java:[3,27] illegal character: '\u0000'
[ERROR] /C:/Users/Admin/Desktop/quyen/Food-Delivery-Project/src/main/java/com/foodproject/fooddelivery/TestBcrypt.java:[3,28] illegal character: '\'
[ERROR] /C:/Users/Admin/Desktop/quyen/Food-Delivery-Project/src/main/java/com/foodproject/fooddelivery/TestBcrypt.java:[3,29] illegal character: '\u0000'
[ERROR] /C:/Users/Admin/Desktop/quyen/Food-Delivery-Project/src/main/java/com/foodproject/fooddelivery/TestBcrypt.java:[3,30] illegal character: '\'
[ERROR] /C:/Users/Admin/Desktop/quyen/Food-Delivery-Project/src/main/java/com/foodproject/fooddelivery/TestBcrypt.java:[3,31] illegal character: '\u0000'
[ERROR] /C:/Users/Admin/Desktop/quyen/Food-Delivery-Project/src/main/java/com/foodproject/fooddelivery/TestBcrypt.java:[3,33] illegal character: '\u0000'
[ERROR] /C:/Users/Admin/Desktop/quyen/Food-Delivery-Project/src/main/java/com/foodproject/fooddelivery/TestBcrypt.java:[3,47] illegal character: '\u0000'
[ERROR] /C:/Users/Admin/Desktop/quyen/Food-Delivery-Project/src/main/java/com/foodproject/fooddelivery/TestBcrypt.java:[3,69] illegal character: '\u0000'
[ERROR] /C:/Users/Admin/Desktop/quyen/Food-Delivery-Project/src/main/java/com/foodproject/fooddelivery/TestBcrypt.java:[3,71] illegal character: '\u0000'
[ERROR] /C:/Users/Admin/Desktop/quyen/Food-Delivery-Project/src/main/java/com/foodproject/fooddelivery/TestBcrypt.java:[3,112] illegal character: '\'
[ERROR] /C:/Users/Admin/Desktop/quyen/Food-Delivery-Project/src/main/java/com/foodproject/fooddelivery/TestBcrypt.java:[3,113] illegal character: '\u0000'
[ERROR] /C:/Users/Admin/Desktop/quyen/Food-Delivery-Project/src/main/java/com/foodproject/fooddelivery/TestBcrypt.java:[3,115] illegal character: '\u0000'
[ERROR] /C:/Users/Admin/Desktop/quyen/Food-Delivery-Project/src/main/java/com/foodproject/fooddelivery/TestBcrypt.java:[3,117] illegal character: '\u0000'
[ERROR] /C:/Users/Admin/Desktop/quyen/Food-Delivery-Project/src/main/java/com/foodproject/fooddelivery/TestBcrypt.java:[3,119] illegal character: '\u0000'
[ERROR] /C:/Users/Admin/Desktop/quyen/Food-Delivery-Project/src/main/java/com/foodproject/fooddelivery/TestBcrypt.java:[3,121] illegal character: '\u0000'
[ERROR] /C:/Users/Admin/Desktop/quyen/Food-Delivery-Project/src/main/java/com/foodproject/fooddelivery/TestBcrypt.java:[3,122] class, interface, enum, or record expected
[ERROR] /C:/Users/Admin/Desktop/quyen/Food-Delivery-Project/src/main/java/com/foodproject/fooddelivery/TestBcrypt.java:[3,123] illegal character: '\u0000'
[ERROR] /C:/Users/Admin/Desktop/quyen/Food-Delivery-Project/src/main/java/com/foodproject/fooddelivery/TestBcrypt.java:[3,125] illegal character: '\u0000'
[ERROR] /C:/Users/Admin/Desktop/quyen/Food-Delivery-Project/src/main/java/com/foodproject/fooddelivery/TestBcrypt.java:[3,127] illegal character: '\u0000'
[ERROR] /C:/Users/Admin/Desktop/quyen/Food-Delivery-Project/src/main/java/com/foodproject/fooddelivery/TestBcrypt.java:[4,1] illegal character: '\u0000'
[ERROR] /C:/Users/Admin/Desktop/quyen/Food-Delivery-Project/src/main/java/com/foodproject/fooddelivery/TestBcrypt.java:[5,1] illegal character: '\u0000'
[ERROR] -> [Help 1]
[ERROR] 
[ERROR] To see the full stack trace of the errors, re-run Maven with the -e switch.
[ERROR] Re-run Maven using the -X switch to enable full debug logging.
[ERROR] 
[ERROR] For more information about the errors and possible solutions, please read the following articles:
[ERROR] [Help 1] http://cwiki.apache.org/confluence/display/MAVEN/MojoFailureException
